// Jest Snapshot v1, https://goo.gl/fbAQLP

exports[`Form component should render to input fields and one button for now. 1`] = `
<form
  onSubmit={[Function]}
>
  <input
    onLinkChange={[Function]}
    type="text"
    value="somewebsite.com"
  >
    URL
  </input>
  <input
    onBodyChange={[Function]}
    type="text"
    value="someJSONbodyinfo"
  >
    JSON Body
  </input>
  <input
    name="route"
    onChange={[Function]}
    type="radio"
    value="GET"
  />
  <input
    name="route"
    onChange={[Function]}
    type="radio"
    value="POST"
  />
  <input
    name="route"
    onChange={[Function]}
    type="radio"
    value="PUT"
  />
  <input
    name="route"
    onChange={[Function]}
    type="radio"
    value="DELETE"
  />
</form>
`;
